// Jest Snapshot v1, https://goo.gl/fbAQLP

exports[`MainLogo renders correctly 1`] = `
<h3
  className="sc-AxjAm llhpTt"
>
  some text
</h3>
`;
