// Jest Snapshot v1, https://goo.gl/fbAQLP

exports[`SvgIcon renders correctly 1`] = `
<div>
  <h1>
    title
  </h1>
  <h2>
    subtitle
  </h2>
</div>
`;
