// Jest Snapshot v1, https://goo.gl/fbAQLP

exports[`Button Reders correctly 1`] = `
<div>
  <button
    className="sc-AxjAm gljxek"
    onClick={[Function]}
    type="button"
  >
    Button
  </button>
</div>
`;
