// Jest Snapshot v1, https://goo.gl/fbAQLP

exports[`SvgIcon renders correctly 1`] = `
<div
  className="sc-fzozJi gPFRis"
/>
`;
