// Jest Snapshot v1, https://goo.gl/fbAQLP

exports[`CategoryItem renders correctly 1`] = `
<div
  className="sc-AxjAm bctaSZ"
  onClick={[Function]}
>
  text
</div>
`;
