// Jest Snapshot v1, https://goo.gl/fbAQLP

exports[`SearchJokeForm Reders correctly 1`] = `
<div>
  <div
    className="sc-AxjAm dWVCDA"
  >
    <input
      checked={true}
      className="sc-AxirZ hxQKcv"
      id="Random"
      name="search-type"
      onChange={[Function]}
      type="radio"
    />
     
    <label
      htmlFor="Random"
    >
      Random
    </label>
  </div>
  <div
    className="sc-AxjAm dWVCDA"
  >
    <input
      checked={true}
      className="sc-AxirZ hxQKcv"
      id="From categories"
      name="search-type"
      onChange={[Function]}
      type="radio"
    />
     
    <label
      htmlFor="From categories"
    >
      From categories
    </label>
  </div>
  <div
    className="sc-AxhCb gGkwKU"
  >
    <div
      className="sc-AxhUy jPMDTT"
      onClick={[Function]}
    >
      A
    </div>
    <div
      className="sc-AxhUy jPMDTT"
      onClick={[Function]}
    >
      B
    </div>
    <div
      className="sc-AxhUy jPMDTT"
      onClick={[Function]}
    >
      C
    </div>
  </div>
  <div
    className="sc-AxjAm dWVCDA"
  >
    <input
      checked={true}
      className="sc-AxirZ hxQKcv"
      id="Search"
      name="search-type"
      onChange={[Function]}
      type="radio"
    />
     
    <label
      htmlFor="Search"
    >
      Search
    </label>
  </div>
  <div
    className="sc-AxgMl hTOpWV"
  >
    <input
      className="sc-AxheI EDBAb"
      onChange={[Function]}
      placeholder="Free text search..."
      type="text"
    />
  </div>
  <div>
    <button
      className="sc-AxiKw bNMzOj"
      onClick={[Function]}
      type="button"
    >
      Get a joke
    </button>
  </div>
</div>
`;
